[  0.0000 Iitalizing cgroup subsys cpuset
[    0.000000] Initializing cgroup subsys cpu
[    0.000000] Initializing cgroup subs cuacct
  0.00000] Linux version 4.4.0-62-generic (buildd@lcy01-30) (gcc version 5.4.0 20160609 (Ubuntu 5.4.0-6ubuntu1~16.04.4) ) #83-Ubuntu SMP Wed Jan 18 14:10:15 UTC 2017 (Ubuntu 4.4.0-62.83-generic 4.4.40)
[    0.000000] Command line: BOOT_IMAGE=/boot/vmlinuz-4.4.0-62-generic root=LABEL=cloudimgrofs ro conole=ty csoe=ttyS0[   0.000] KRN sppotecpu:
[    .000]   teGenuinent
    0.000000]  D AuthenticAMD
[   00000   CetaurCeauHaul
  0.00000] 6/pu: xsatoffset[2]  6,xstate_iz[2]:  26    0.000] x86fpu: upporting SA feature0x: x87 floatg oint rgier'[  0.00000]x86/pu Suporing XSAVE feur 0x02: 'SE giters'
[  0000000] x8/f: Suprtng XSAVEfeur 0x04: 'X egister'[    0.000] x8/f: nabledxste features0x7, context size is 832 bytes, using 'standard' format.
[    0.000000] x86/fpu: Using 'lazy' FPU context switches.
[    0.0000 e820: BIOS-provde phic RAM p:
[    0.000000] BIOS-e820: [mem 0x0000000000000000-0x000000000009fbff] usable
[    0.000000] BIOe8: [mem 0x0000000009fc0-000000000fff] rerv
[    0.000000] BIOS-e820: [mem 0x00000000000f0000-0x00000000000fffff] reserved
[    0.000000] BIOS-e820: [mem 0x0000000000100000-0x000000003ffeffff] usable
[    0.000000] BIOS-e820: [mem 0x000000003fff0000-0x000000003fffffff] ACPI data
[    0.000000] BIOS-e820: [mem 0x00000000fffc0000-0x00000000ffffffff] reserved
[    0.000000] NX (Execute Disable) protection: active
[    0.000000] SMBIOS 2.5 present.
[    0.000000] Hypervisor detected: KVM
[    0.000000] e820: last_pfn = 0x3fff0 max_arch_pfn = 0x400000000
[    0.000000] MTRR: Disabled
[    0.000000] x86/PAT: MTRRs disabled, skipping PAT initialization too.
[    0.00000] x86/PAT: Configuration [0-7]: WB  WT  UC- UC  WB  WT  UC- UC  
[    0.000000] CPU MTRRs all blank - virtualized system.
[    0.000000] found SMP MP-table at [mem 0x0009fff0-0x0009ffff] mapped at [ffff88000009fff0]
[    0.000000] Scanning 1 areas for low memory corruption
[    0.000000] RAMDISK: [mem 0x36b5a000-0x375a4fff]
[    0.000000] ACPI: Early table checksum verification disabled
[    0.000000] ACPI: RSDP 0x00000000000E0000 000024 (v02 VBOX  )
[    0.000000] ACPI: XSDT 0x000000003FFF0030 00003C (v01 VBO  BOXXSDT 00001SL 0000061
[   0.000000]AC: ACP0x000003FF00 0004 04VBOX  VBFACP 00000001 ASL  00000061)
[    0.000000] ACPI: DSDT 0x000000003FFF0470 002118 (v01 VBOX   VBOXBIS 0000002 INTL 21028
[    0.000] ACPI: FS 000000003F020 0040
[    .00000] CPI: FS 00000003F020 00040
[   .00000] APIAPC 0x00003FFF040005C (02BO   VBOXAC 00000AS  0000061
[    0.0000 ACPI: SST 000000003FF02A0 0001CC (v01VBOX   VBOXCPUT 0000002NT 20100528)
[  000000 NNUMA onfiguraton ou
    0.000000] Faking a node at [mem 0x0000000000000000-0x000000003ffeffff]
[    0.000000] NODE_DATA(0) allocated [mem 0x3ffeb000-0x3ffeffff]
[    0.000000] kvm-clock: Using msrs 4b564d01 and 4b564d00
[    0.000000] kvm-clock: cpu 0,ms0:ffe00 pimar c cock
[  0000000] kvm-clock: using sched offset of 3034472513 cycles
[    0.000000] clocksource: kvm-clock: mask: 0xffffffffffffffff max_cycles: 0x1cd42e4dffb, max_idle_ns 859059143 
[    0.0000Zone ng:
[    .0000]   DMA   [em 0x00000000100-0000000fffff]
[  0000000]   DMA32    [mem 0x00000000100000-0x000000003ffff]
[  0.000000]   Normal   empty
[    0.000000]   Device   empty
[    0.000000] Movable zone start for each node
[    0.000000] Early memory node ranges
[    0.000000]   node   0: [mem 0x0000000000001000-0x000000000009efff]
[    0.000000]   node   0: [mem 0x0000000000100000-0x000000003ffeffff]
[    0.000000] Initmem setup node 0 [mm 0x0000000000001000-0x000000003ffeffff]
[    0.000000] ACPI: PM-Timer IO Port: 0x4008
[    0.000000] IOAPIC[0] ac_d 2,veion 17 ares 0xfec000 GI 0-23
[   .0000ACPI I_SC_OVR us bus_irq 0 globl_q  dfl l)
[    00000] AI:NT_SRC_OVR(b 0 bu_i 9global_irq  hh leel
[   0.0000] Using ACPI (MADT) for SMP configuration iformaton
[    0.000000] smpoot: Allowing 2 CPUs, 0 otluCPUs
[    0.000000] PM: Registered nosave memory: [mem 0x00000000-0x00000fff]
[    0.000000] PM: Registered nosave memory: [mem 0x0009f000-0x0009ffff]
[    0.000000] PM: Registered nosave memory: [mem 0x000a0000-0x000effff]
[    0.00000PM: Registered nosave memory: [mem 0x000f0000-0x000fffff]
[    0.00000]e82 [em0x4000000-0xfffbfff] aiable fr I evices
[  0.000000] Booting paravirtualized kernel on KVM
[    0.000000] clocksource: refined-jiffies:mask: 0xffff ma_cle: 0xffff, max_idle_ns: 7645519600211568 ns
[    0.000000] setup_percpu: NR_CPUS:512 nr_cpumask_bits:512 nr_cpu_ids:2 nr_node_ids:1
[    0.000000] PERCPU: Embedded 33 pages/cpu @ffff88003fc00000 s98264 r8192 d28712 u1048576
[    0.0000 PV qpioc hh ble entrs:56 (order: 0, 4096 bytes)
[    0.000000] Built 1 zonelistss in Node orermobiitgrupngn. Totapas: 25713
[   0.00000] Policy zoe:MA2
[  000000 Kne command line: BOOT_IMAGE=/boot/vmlinuz-4.4.0-62-generic root=LABEL=cloudimg-rootfs ro cnse=tty1coole=ty
    00000 PID hshabe enri: 4096 (order: 3, 32768 bytes)
[    0.000000] Memory: 1002040K/1048120K available (8436K kernel code, 1291K rwdata, 3960K rodata, 1488K init, 1316K bss, 46080K reserved, 0K cma-reserved)
[    0.000000] SLUB: HWalign=64, Order=03, Minbjts0, CPUs=2,odes=1[  0.0000] erarchialCUimpmeation
[    0.000000] 	Build-time adjustment of leaf fanout to 64.
[    0.000000] 	RCU restricting CPUs from NR_CPUS=512 to nr_cpu_ids=2.
[    0.000000] RCU: Adjusting geometry for rcu_fanout_leaf=64, nr_cpu_ids=2
[    0.000000] NR_IRQS:33024 nr_irqs:44 1
[   0.0000] Conslecolor A+ 80x25
  0.000000] cnse [tty1] enabled
[    0.000000] console [ttyS0] enabled
[    0.000000] tsc: Detected 2699.998 MHz processor
[    9.219891] Calibrating delay loop (skipped) preset value.. 5399.99 BogoMIPS (lpj=10799992)
[    9.221886] pid_max: default: 32768 minimum: 301
[    9.222957] ACPI: Core revision 20150930
[  9224824] ACPI: 2 ACPI AML tables successfully acquired and loaded
[    9.292688] Security Framework initialized
[    9.357486] Yama: becoming mindful.
[    9.368629] AppArmor: AppArmor initialized
[    9.369710] Dentry cache hash table entries: 131072 (order: 8, 1048576 bytes)
[    9.371410] Inode-cache hash table entries: 65536 (order: 7, 524288 bytes)
[    9.457107] Mount-cache hash table entries: 2048 (order: 2, 16384 bytes)
[    9.548355] Mountpoint-cache hash table entries: 2048 (order: 2, 16384 bytes)
[    9.644303] Initializing cgroup subsys io
[    9.703900] Initializing cgroup subsys memory
[    9.720349] Initializing cgroup subsys devices
[    9.733955] Initializing cgroup subsys freezer
[    9.800590] Initializing cgroup subsys net_cls
[    9.860105] Initializing cgroup subsys perf_event
[    9.917439] Initializing cgroup subsys net_prio
[    9.991420] Initializing cgroup subsys hugetlb
[   10.048540] Initializing cgroup subsys pids
[   10.055212] CPU: Physical Processor ID: 0
[   10.056190] CPU: Processor Core ID: 0
[   10.061132] mce: CPU supports 0 MCE banks
[   10.123980] Last level iTLB entries: 4KB 64, 2MB 8, 4MB 8
[   10.174332] Last level dTLB entries: 4KB 64, 2MB 0, 4MB 0, 1GB 4
[   10.179377] Freeing SMP alternatives memory: 32K (ffffffff820b8000 - ffffffff820c0000)
[   10.194253] ftrace: allocating 32065 entries in 126 pages
[   10.274108] smpboot: APIC(0) Converting physical 0 to logical package 0
[   10.288182] smpboot: Max logical packages: 1
[   10.290423] ..TIMER: vector=0x30 apic1=0 pin1=2 apic2=-1 pin2=-1
[   10.404275] smpboot: CPU0: Intel(R) Core(TM) i5-5257U CPU @ 2.70GHz (family: 0x6, model: 0x3d, stepping: 0x4)
[   10.455259] Performance Events: unsupported p6 CPU model 61 no PMU driver, software events only.
[   10.480454] KVM setup paravirtual spinlock
[   10.492567] x86: Booting SMP configuration:
[   10.493607] .... node  #0, CPUs:      #1
[   10.494671] kvm-clock: cpu 1, msr 0:3ffe3041, secondary cpu clock
[   10.506846] mce: CPU supports 0 MCE banks
[   10.524545] x86: Booted up 1 node, 2 CPUs
[   10.529556] smpboot: Total of 2 processors activated (10799.99 BogoMIPS)
[   10.538851] devtmpfs: initialized
[   10.548262] evm: security.selinux
[   10.551405] evm: security.SMACK64
[   10.552275] evm: security.SMACK64EXEC
[   10.553269] evm: security.SMACK64TRANSMUTE
[   10.554272] evm: security.SMACK64MMAP
[   10.561034] evm: security.ima
[   10.567339] evm: security.capability
[   10.573857] clocksource: jiffies: mask: 0xffffffff max_cycles: 0xffffffff, max_idle_ns: 7645041785100000 ns
[   10.576272] pinctrl core: initialized pinctrl subsystem
[   10.577770] RTC time:  5:54:34, date: 02/17/17
[   10.580435] NET: Registered protocol family 16
[   10.595353] cpuidle: using governor ladder
[   10.607816] cpuidle: using governor menu
[   10.609888] PCCT header not found.
[   10.610868] ACPI: bus type PCI registered
[   10.611896] acpiphp: ACPI Hot Plug PCI Controller Driver version: 0.5
[   10.613409] PCI: Using configuration type 1 for base access
[   10.628326] ACPI: Added _OSI(Module Device)
[   10.629935] ACPI: Added _OSI(Processor Device)
[   10.631026] ACPI: Added _OSI(3.0 _SCP Extensions)
[   10.632217] ACPI: Added _OSI(Processor Aggregator Device)
[   10.653425] ACPI: Executed 1 blocks of module-level executable AML code
[   10.718380] ACPI: Interpreter enabled
[   10.736467] ACPI: (supports S0 S5)
[   10.737478] ACPI: Using IOAPIC for interrupt routing
[   10.738810] PCI: Using host bridge windows from ACPI; if necessary, use "pci=nocrs" and report a bug
[   10.753634] ACPI: PCI Root Bridge [PCI0] (domain 0000 [bus 00-ff])
[   10.772892] acpi PNP0A03:00: _OSC: OS supports [ASPM ClockPM Segments MSI]
[   10.774484] acpi PNP0A03:00: _OSC failed (AE_NOT_FOUND); disabling ASPM
[   10.776009] acpi PNP0A03:00: fail to add MMCONFIG information, can't access extended PCI configuration space under this bridge.
[   10.789880] PCI host bridge to bus 0000:00
[   10.790873] pci_bus 0000:00: root bus resource [io  0x0000-0x0cf7 window]
[   10.820519] pci_bus 0000:00: root bus resource [io  0x0d00-0xffff window]
[   10.844325] pci_bus 0000:00: root bus resource [mem 0x000a0000-0x000bffff window]
[   10.846178] pci_bus 0000:00: root bus resource [mem 0x40000000-0xffdfffff window]
[   10.862047] pci_bus 0000:00: root bus resource [bus 00-ff]
[   10.882828] pci 0000:00:01.1: legacy IDE quirk: reg 0x10: [io  0x01f0-0x01f7]
[   10.897832] pci 0000:00:01.1: legacy IDE quirk: reg 0x14: [io  0x03f6]
[   10.904752] pci 0000:00:01.1: legacy IDE quirk: reg 0x18: [io  0x0170-0x0177]
[   10.934828] pci 0000:00:01.1: legacy IDE quirk: reg 0x1c: [io  0x0376]
[   10.961296] ACPI: PCI Interrupt Link [LNKA] (IRQs 5 9 10 11) *0, disabled.
[   10.974505] ACPI: PCI Interrupt Link [LNKB] (IRQs 5 9 10 *11)
[   10.976247] ACPI: PCI Interrupt Link [LNKC] (IRQs 5 9 *10 11)
[   10.984824] ACPI: PCI Interrupt Link [LNKD] (IRQs 5 *9 10 11)
[   10.989655] ACPI: Enabled 2 GPEs in block 00 to 07
[   11.013676] vgaarb: setting as boot device: PCI:0000:00:02.0
[   11.020504] vgaarb: device added: PCI:0000:00:02.0,decodes=io+mem,owns=io+mem,locks=none
[   11.043683] vgaarb: loaded
[   11.054466] vgaarb: bridge control possible 0000:00:02.0
[   11.063746] SCSI subsystem initialized
[   11.099285] ACPI: bus type USB registered
[   11.145961] usbcore: registered new interface driver usbfs
[   11.188090] usbcore: registered new interface driver hub
[   11.229386] usbcore: registered new device driver usb
[   11.252497] PCI: Using ACPI for IRQ routing
[   11.269828] NetLabel: Initializing
[   11.270714] NetLabel:  domain hash size = 128
[   11.271782] NetLabel:  protocols = UNLABELED CIPSOv4
[   11.275857] NetLabel:  unlabeled traffic allowed by default
[   11.292077] amd_nb: Cannot enumerate AMD northbridges
[   11.297730] clocksource: Switched to clocksource kvm-clock
[   1.319 ApAorAprm Fesystem Enabled
[   11.722720] pnp: PnP ACPI init
[ 11241]npPnP ACPI: found 3 devices
[ 11686]clcksource: acpi_pm:mak:xffffff max_cycles: 0xffffff, max_idle_ns: 2085701024 ns
[ 129483] NET:Regisreprotocol family 2

[   12.546378] TCP etablshd hash abe entris:81 (rd:  636 byes

[   13.03069] TCP bind hash talentes81 (de 5, 131072 bytes)
[   13.35914TC Hash tables configured (established 8192 bind 8192
[   13.513235] UDP hash table entries: 512 (order: 2, 16384 yts)[ 13386]DPithah tab eri: 2 rd:  184yt)  4.5709] NET: Registered protocol famil 1
   14.610336]pc00:000: miti direct PI/PCI transfers
[ 15169]ci000:00:01.0: Activating ISA DMA hang workarounds

[   5.38] yi tunckoos age as initrams..
[   17.369809] Freeing initrd memory: 10540K (ffff880036b5a000 - ffff8800375a5000)
[   17.443231] RAPL PMU detected, API unit is 2^-32 Joules, 4 fixed counters 10737418240 ms ovfl timer
[  7.84]  ut f ma p-ce 2^-0 Joules

[   17.882151] hw unit of domain package 2^-0 Joules
[   17.894834] hw unit of domain dram 2^-0 Joules
[   17.895982] hw unit of domain pp1-gpu 2^-0 Joules
[   17.938566] platform rtc_cmos: registered platforRTdecenoNPeve un
[   .387 Snng r w mo cruio evy 60 econds
   1.075] c:efedSClosocecabrio 2699.569 Mz
[   19.707]losocets: mas: ffffffffffffff max_cycles: 0x26e9a728570, maxidle_ns: 44079553819 n
ÿ[   1967049] teha tlentes51(oer3,27 bes

[   19.670520] audit: initializing netlink subsys (disabled)
[   19.670534] audit: type=2000 audit(1487310877.576:1): initialized
[   19.670791] Initialise system trusted keyring
[   19.670892] HugeTLB registered 2 MB page size, pre-allocated 0 pages
[   19.672334] zbud: loaded
[   19.672510] VFS: Disk quotas dquot_6.6.0
[   19.672538] VFS: Dquot-cache hash table entries: 512 (order 0, 4096 bytes)
[   19.672763] squashfs: version 4.0 (2009/01/31) Phillip Lougher
[   19.672959] fuse init (API version 7.23)
[   19.673065] Key type big_key registered
[   19.673082] Allocating IMA MOK and blacklist keyrings.
[   19.673278] Key type asymmetric registered
[   19.673284] Asymmetric key parser 'x509' registered
[   19.673316] Block layer SCSI generic (bsg) driver version 0.4 loaded (major 249)
[   19.673336] io scheduler noop registered
[   19.673339] io scheduler deadline registered (default)
[   19.673364] io scheduler cfq registered
[   19.673448] pci_hotplug: PCI Hot Plug PCI Core version: 0.5
[   19.673453] pciehp: PCI Express Hot Plug Controller Driver version: 0.4
[   19.673846] ACPI: AC Adapter [AC] (off-line)
[   19.673904] input: Power Button as /devices/LNXSYSTM:00/LNXPWRBN:00/input/input0
[   19.673907] ACPI: Power Button [PWRF]
[   19.673976] input: Sleep Button as /devices/LNXSYSTM:00/LNXSLPBN:00/input/input1
[   19.673977] ACPI: Sleep Button [SLPF]
[   19.674115] GHES: HEST is not enabled!
[   19.675082] ACPI: Battery Slot [BAT0] (battery present)
[   19.675132] Serial: 8250/16550 driver, 32 ports, IRQ sharing enabled
[   20.188203] 00:02: ttyS0 at I/O 0x3f8 (irq = 4, base_baud = 115200) is a 16550A
[   20.886679] Linux agpgart interface v0.103
[   20.900879] brd: module loaded
[   20.901549] loop: module loaded
[   20.902070] scsi host0: ata_piix
[   20.902118] scsi host1: ata_piix
[   20.902143] ata1: PATA max UDMA/33 cmd 0x1f0 ctl 0x3f6 bmdma 0xd000 irq 14
[   20.902144] ata2: PATA max UDMA/33 cmd 0x170 ctl 0x376 bmdma 0xd008 irq 15
[   20.902206] libphy: Fixed MDIO Bus: probed
[   20.902209] tun: Universal TUN/TAP device driver, 1.6
[   20.902209] tun: (C) 1999-2004 Max Krasnyansky <maxk@qualcomm.com>
[   20.902474] PPP generic driver version 2.4.2
[   20.902520] ehci_hcd: USB 2.0 'Enhanced' Host Controller (EHCI) Driver
[   20.902524] ehci-pci: EHCI PCI platform driver
[   20.902538] ehci-platform: EHCI generic platform driver
[   20.902545] ohci_hcd: USB 1.1 'Open' Host Controller (OHCI) Driver
[   20.902548] ohci-pci: OHCI PCI platform driver
[   20.902554] ohci-platform: OHCI generic platform driver
[   20.902560] uhci_hcd: USB Universal Host Controller Interface driver
[   20.902609] i8042: PNP: PS/2 Controller [PNP0303:PS2K,PNP0f03:PS2M] at 0x60,0x64 irq 1,12
[   20.903790] serio: i8042 KBD port at 0x60,0x64 irq 1
[   20.903794] serio: i8042 AUX port at 0x60,0x64 irq 12
[   20.903890] mousedev: PS/2 mouse device common for all mice
[   20.904147] rtc_cmos rtc_cmos: rtc core: registered rtc_cmos as rtc0
[   20.904201] rtc_cmos rtc_cmos: alarms up to one day, 114 bytes nvram
[   20.904205] i2c /dev entries driver
[   20.904252] device-mapper: uevent: version 1.0.3
[   20.904294] device-mapper: ioctl: 4.34.0-ioctl (2015-10-28) initialised: dm-devel@redhat.com
[   20.904305] ledtrig-cpu: registered to indicate activity on CPUs
[   20.904521] NET: Registered protocol family 10
[   20.904649] NET: Registered protocol family 17
[   20.904657] Key type dns_resolver registered
[   20.908198] microcode: CPU0 sig=0x306d4, pf=0x40, revision=0x0
[   20.908207] microcode: CPU1 sig=0x306d4, pf=0x40, revision=0x0
[   20.908267] microcode: Microcode Update Driver: v2.01 <tigran@aivazian.fsnet.co.uk>, Peter Oruba
[   20.908377] registered taskstats version 1
[   20.908391] Loading compiled-in X.509 certificates
[   20.908946] Loaded X.509 cert 'Build time autogenerated kernel key: a630254739635d6fdc487c9f0afa5d9a0ff04f04'
[   20.908959] zswap: loaded using pool lzo/zbud
[   20.910165] Key type trusted registered
[   20.912101] Key type encrypted registered
[   20.912107] AppArmor: AppArmor sha1 policy hashing enabled
[   20.912109] ima: No TPM chip found, activating TPM-bypass!
[   20.912124] evm: HMAC attrs: 0x1
[   20.912341]   Magic number: 5:670:921
[   20.917282] rtc_cmos rtc_cmos: setting system clock to 2017-02-17 05:54:44 UTC (1487310884)
[   20.917394] BIOS EDD facility v0.16 2004-Jun-25, 0 devices found
[   20.917394] EDD information not available.
[   21.111784] input: AT Translated Set 2 keyboard as /devices/platform/i8042/serio0/input/input2
[   22.592992] Freeing unused kernel memory: 1488K (ffffffff81f44000 - ffffffff820b8000)
[   22.602561] Write protecting the kernel read-only data: 14336k
[   22.604554] Freeing unused kernel memory: 1792K (ffff880001840000 - ffff880001a00000)
[   22.627508] Freeing unused kernel memory: 136K (ffff880001dde000 - ffff880001e00000)
Loading, please wait...
starting version[   22.665843] random: systemd-udevd: uninitialized urandom read (16 bytes read, 5 bits of entropy available)
 229
[   22.666612] random: udevadm: uninitialized urandom read (16 bytes read, 5 bits of entropy available)
[   22.666669] random: udevadm: uninitialized urandom read (16 bytes read, 5 bits of entropy available)
[   22.666815] random: udevadm: uninitialized urandom read (16 bytes read, 5 bits of entropy available)
[   22.666867] random: udevadm: uninitialized urandom read (16 bytes read, 5 bits of entropy available)
[   22.666916] random: udevadm: uninitialized urandom read (16 bytes read, 5 bits of entropy available)
[   22.666969] random: udevadm: uninitialized urandom read (16 bytes read, 5 bits of entropy available)
[   22.667018] random: udevadm: uninitialized urandom read (16 bytes read, 5 bits of entropy available)
[   22.667063] random: udevadm: uninitialized urandom read (16 bytes read, 5 bits of entropy available)
[   22.667108] random: udevadm: uninitialized urandom read (16 bytes read, 5 bits of entropy available)
[   23.452055] e1000: Intel(R) PRO/1000 Network Driver - version 7.3.21-k8-NAPI
[   23.475270] e1000: Copyright (c) 1999-2006 Intel Corporation.
[   23.502445] Fusion MPT base driver 3.04.20
[   23.506312] Copyright (c) 1999-2008 LSI Corporation
[   23.516542] Fusion MPT SPI Host driver 3.04.20
[   23.576956] AVX version of gcm_enc/dec engaged.
[   23.662787] AES CTR mode by8 optimization enabled
[   23.711147] input: ImExPS/2 Generic Explorer Mouse as /devices/platform/i8042/serio1/input/input4
[   24.010693] e1000 0000:00:03.0 eth0: (PCI:33MHz:32-bit) 02:e4:5b:1a:6e:ce
[   24.137390] e1000 0000:00:03.0 eth0: Intel(R) PRO/1000 Network Connection
[   24.215836] e1000 0000:00:03.0 enp0s3: renamed from eth0
[   24.227964] mptbase: ioc0: Initiating bringup
[   24.572248] ioc0: LSI53C1030 A0: Capabilities={Initiator}
[   26.003316] scsi host2: ioc0: LSI53C1030 A0, FwRev=00000000h, Ports=1, MaxQ=256, IRQ=20
[   26.990518] floppy0: no floppy controllers found
[   27.631569] scsi 2:0:0:0: Direct-Access     VBOX     HARDDISK         1.0  PQ: 0 ANSI: 5
[   27.965209] scsi target2:0:0: Beginning Domain Validation
[   28.012191] scsi target2:0:0: Domain Validation skipping write tests
[   28.015307] scsi target2:0:0: Ending Domain Validation
[   28.036198] scsi target2:0:0: asynchronous
[   28.047233] scsi 2:0:1:0: Direct-Access     VBOX     HARDDISK         1.0  PQ: 0 ANSI: 5
[   28.071227] scsi target2:0:1: Beginning Domain Validation
[   28.097481] scsi target2:0:1: Domain Validation skipping write tests
[   28.098927] scsi target2:0:1: Ending Domain Validation
[   28.100161] scsi target2:0:1: asynchronous
[   28.108473] sd 2:0:0:0: [sda] 20971520 512-byte logical blocks: (10.7 GB/10.0 GiB)
[   28.108580] sd 2:0:0:0: Attached scsi generic sg0 type 0
[   28.108959] sd 2:0:1:0: Attached scsi generic sg1 type 0
[   28.109127] sd 2:0:1:0: [sdb] 20480 512-byte logical blocks: (10.5 MB/10.0 MiB)
[   28.109250] sd 2:0:1:0: [sdb] Write Protect is off
[   28.109330] sd 2:0:1:0: [sdb] Incomplete mode parameter data
[   28.109331] sd 2:0:1:0: [sdb] Assuming drive cache: write through
[   28.110935] sd 2:0:1:0: [sdb] Attached SCSI disk
[   28.843096] sd 2:0:0:0: [sda] Write Protect is off
[   28.878418] sd 2:0:0:0: [sda] Incomplete mode parameter data
[   28.898661] sd 2:0:0:0: [sda] Assuming drive cache: write through
[   28.928564]  sda: sda1
[   28.936914] sd 2:0:0:0: [sda] Attached SCSI disk
Begin: Loading e[   30.319590] md: linear personality registered for level -1
ssential drivers[   30.386014] md: multipath personality registered for level -4
 ... [   30.404622] md: raid0 personality registered for level 0
[   30.462986] md: raid1 personality registered for level 1
[   30.581927] raid6: sse2x1   gen()  9395 MB/s
[   30.689872] raid6: sse2x1   xor()  7177 MB/s
[   30.793953] raid6: sse2x2   gen() 11974 MB/s
[   30.905954] raid6: sse2x2   xor()  7929 MB/s
[   30.977945] raid6: sse2x4   gen() 13458 MB/s
[   31.065896] raid6: sse2x4   xor()  9403 MB/s
[   31.087807] raid6: using algorithm sse2x4 gen() 13458 MB/s
[   31.146468] raid6: .... xor() 9403 MB/s, rmw enabled
[   31.155340] raid6: using ssse3x2 recovery algorithm
[   31.157998] xor: automatically using best checksumming function:
[   31.221741]    avx       : 20263.000 MB/sec
[   31.273586] async_tx: api initialized (async)
[   31.326613] md: raid6 personality registered for level 6
[   31.374239] md: raid5 personality registered for level 5
[   31.419751] md: raid4 personality registered for level 4
[   31.472058] md: raid10 personality registered for level 10
done.
Begin: Running /scripts/init-premount ... done.
Begin: Mounting root file system ... Begin: Running /scripts/local-top ... done.
Begin: Runnin[   31.545933] Btrfs loaded
g /scripts/local-premount ... Scanning for Btrfs filesystems
done.
Warning: fsck no[   31.601249] EXT4-fs (sda1): mounted filesystem with ordered data mode. Opts: (null)
t present, so skipping root file system
done.
Begin: Running /scripts/local-bottom ... done.
Begin: Running /scripts/init-bottom ... done.
[   31.801582] systemd[1]: systemd 229 running in system mode. (+PAM +AUDIT +SELINUX +IMA +APPARMOR +SMACK +SYSVINIT +UTMP +LIBCRYPTSETUP +GCRYPT +GNUTLS +ACL +XZ -LZ4 +SECCOMP +BLKID +ELFUTILS +KMOD -IDN)
[   31.895101] systemd[1]: Detected virtualization oracle.
[   32.001937] systemd[1]: Detected architecture x86-64.

Welcome to [1mUbuntu 16.04.2 LTS[0m!

[   32.143561] systemd[1]: Set hostname to <ubuntu>.
[   32.174619] systemd[1]: Initializing machine ID from random generator.
[   32.207156] systemd[1]: Installed transient /etc/machine-id file.
[   32.304978] systemd[1]: Listening on LVM2 metadata daemon socket.
[[0;32m  OK  [0m] Listening on LVM2 metadata daemon socket.
[   32.346390] systemd[1]: Listening on LVM2 poll daemon socket.
[[0;32m  OK  [0m] Listening on LVM2 poll daemon socket.
[   32.502435] systemd[1]: Listening on Journal Socket (/dev/log).
[[0;32m  OK  [0m] Listening on Journal Socket (/dev/log).
[   32.666802] systemd[1]: Listening on Journal Socket.
[[0;32m  OK  [0m] Listening on Journal Socket.
[   32.745360] systemd[1]: Set up automount Arbitrary Executable File Formats File System Automount Point.
[[0;32m  OK  [0m] Set up automount Arbitrary Executab...ats File System Automount Point.
[   32.874266] systemd[1]: Listening on udev Kernel Socket.
[[0;32m  OK  [0m] Listening on udev Kernel Socket.
[   33.030828] systemd[1]: Listening on udev Control Socket.
[[0;32m  OK  [0m] Listening on udev Control Socket.
[   33.174694] systemd[1]: Listening on Device-mapper event daemon FIFOs.
[[0;32m  OK  [0m] Listening on Device-mapper event daemon FIFOs.
[   33.278665] systemd[1]: Listening on Journal Audit Socket.
[[0;32m  OK  [0m] Listening on Journal Audit Socket.
[   33.291571] systemd[1]: Reached target Encrypted Volumes.
[[0;32m  OK  [0m] Reached target Encrypted Volumes.
[   33.318051] systemd[1]: Reached target Swap.
[[0;32m  OK  [0m] Reached target Swap.
[   33.334631] systemd[1]: Listening on Syslog Socket.
[[0;32m  OK  [0m] Listening on Syslog Socket.
[   33.349976] systemd[1]: Created slice User and Session Slice.
[[0;32m  OK  [0m] Created slice User and Session Slice.
[   33.394610] systemd[1]: Started Forward Password Requests to Wall Directory Watch.
[[0;32m  OK  [0m] Started Forward Password Requests to Wall Directory Watch.
[   33.553361] systemd[1]: Created slice System Slice.
[[0;32m  OK  [0m] Created slice System Slice.
[   33.718906] systemd[1]: Reached target Slices.
[[0;32m  OK  [0m] Reached target Slices.
[   33.814729] systemd[1]: Starting Uncomplicated firewall...
         Starting Uncomplicated firewall...
[   33.934490] systemd[1]: Starting Set console keymap...
[   33.934937] random: nonblocking pool is initialized
         Starting Set console keymap...
[   34.006762] systemd[1]: Starting Remount Root and Kernel File Systems...
[   34.010075] EXT4-fs (sda1): re-mounted. Opts: (null)
         Starting Remount Root and Kernel File Systems...
[   34.178239] systemd[1]: Starting Monitoring of LVM2 mirrors, snapshots etc. using dmeventd or progress polling...
         Starting Monitoring of LVM2 mirrors... dmeventd or progress polling...
[   34.414152] systemd[1]: Starting Load Kernel Modules...
         Startin[   34.448357] Loading iSCSI transport class v2.0-870.
g Load Kernel Modules...
[   34.495911] iscsi: registered transport (tcp)
[   34.507039] systemd[1]: Created slice system-serial\x2dgetty.slice.
[[0;32m  OK  [0m] Created slic[   34.527812] iscsi: registered transport (iser)
e system-serial\x2dgetty.slice.
[   34.598556] systemd[1]: Starting Nameserver infommation manager...
         Starting Nameserver information manager...
[   34.754366] systemd[1]: Mounting Huge Pages File System...
         Mounting Huge Pages File System...
[   34.862271] systemd[1]: Mounting Debug File System...
         Mounting Debug File System...
[   35.010302] systemd[1]: Starting Journal Service...
         Starting Journal Service...
[   35.106890] systemd[1]: Reached target User and Group Name Lookups.
[[0;32m  OK  [0m] Reached target User and Group Name Lookups.
[   35.210611] systemd[1]: Mounting POSIX Message Queue File System...
         Mounting POSIX Message Queue File System...
[   35.238463] systemd[1]: Listening on /dev/initctl Compatibility Named Pipe.
[[0;32m  OK  [0m] Listening on /dev/initctl Compatibility Named Pipe.
[   35.434397] systemd[1]: Starting Create list of required static device nodes for the current kernel...
         Starting Create list of required st... nodes for the current kernel...
[   35.484595] systemd[1]: Mounted POSIX Message Queue File System.
[[0;32m  OK  [0m] Mounted POSIX Message Queue File System.
[   35.538050] systemd[1]: Mounted Debug File System.
[[0;32m  OK  [0m] Mounted Debug File System.
[   35.571174] systemd[1]: Mounted Huge Pages File System.
[[0;32m  OK  [0m] Mounted Huge Pages File System.
[   35.734898] systemd[1]: Started Journal Service.
[[0;32m  OK  [0m] Started Journal Service.
[[0;32m  OK  [0m] Started Uncomplicated firewall.
[[0;32m  OK  [0m] Started Set console keymap.
[[0;32m  OK  [0m] Started Remount Root and Kernel File Systems.
[[0;32m  OK  [0m] Started Load Kernel Modules.
[[0;32m  OK  [0m] Started Create list of required sta...ce nodes for the current kernel.
[[0;32m  OK  [0m] Started Nameserver information manager.
[[0;32m  OK  [0m] Started LVM2 metadata daemon.
         Starting Create Static Device Nodes in /dev...
         Starting Apply Kernel Variables...
         Mounting FUSE Control File System...
         Starting Load/Save Random Seed...
         Starting Initial cloud-init job (pre-networking)...
         Starting udev Coldplug all Devices...
         Starting Flush Journal to Persistent Storage...
[[0;32m  OK  [0m] Mounted FUSE Control File System.
[[0;32m  OK  [0m] Started Create Static Device Nodes in /dev.
[[0;32m  OK  [0m] Started Apply Kernel Variables.
[[0;32m  OK  [0m] Started Load/Save Random Seed.
[[0;32m  OK  [0m] Started Flush Journal to Persistent Storage.
[[0;32m  OK  [0m] Started udev Coldplug all Devices.
         Starting udev Kernel Device Manager...
[[0;32m  OK  [0m] Started udev Kernel Device Manager.
[[0;32m  OK  [0m] Started Dispatch Password Requests to Console Directory Watch.
[[0;32m  OK  [0m] Started Monitoring of LVM2 mirrors,...ng dmeventd or progress polling.
[[0;32m  OK  [0m] Reached target Local File Systems (Pre).
[[0;32m  OK  [0m] Reached target Local File Systems.
         Starting LSB: AppArmor initialization...
         Starting Create Volatile Files and Directories...
         Starting Commit a transient machine-id on disk...
         Starting Set console font and keymap...
         Starting Tell Plymouth To Write Out Runtime Data...
[[0;32m  OK  [0m] Started Create Volatile Files and Directories.
[[0;32m  OK  [0m] Started Commit a transient machine-id on disk.
[[0;32m  OK  [0m] Started Tell Plymouth To Write Out Runtime Data.
[[0;32m  OK  [0m] Found device /dev/ttyS0.
[[0;32m  OK  [0m] Reached target System Time Synchronized.
         Starting Update UTMP about System Boot/Shutdown...
[[0;32m  OK  [0m] Started Update UTMP about System Boot/Shutdown.
[[0;32m  OK  [0m] Listening on Load/Save RF Kill Switch Status /dev/rfkill Watch.
[   26.725367] cloud-init[479]: Cloud-init v. 0.7.8 running 'init-local' at Fri, 17 Feb 2017 05:55:00 +0000. Up 26.06 seconds.
[[0;32m  OK  [0m] Started Initial cloud-init job (pre-networking).
[[0;32m  OK  [0m] Started LSB: AppArmor initialization.
[[0;32m  OK  [0m] Reached target Network (Pre).
         Starting Raise network interfaces...
[[0;32m  OK  [0m] Started Set console font and keymap.
[[0;32m  OK  [0m] Created slice system-getty.slice.
[[0;32m  OK  [0m] Started Raise network interfaces.
[[0;32m  OK  [0m] Reached target Network.
         Starting Initial cloud-init job (metadata service crawler)...
[   29.905610] cloud-init[1044]: Cloud-init v. 0.7.8 running 'init' at Fri, 17 Feb 2017 05:55:03 +0000. Up 29.33 seconds.
[   29.976784] [cloud-init[0;32m  OK  [0m[1044]: ] ci-info: +++++++++++++++++++++++++++++++++++++Net device info++++++++++++++++++++++++++++++++++++++Started Initial cloud-init job (metadata service crawler).

[   29.977120] cloud-init[1044]: ci-info: +--------+------+----------------------------+---------------+-------+-------------------+
[   30.180291] [cloud-init[0;32m  OK  [0m[1044]: ] ci-info: | Device |  Up  |          Address           |      Mask     | Scope |     Hw-Address    |Reached target Network is Online.

[   30.181088] cloud-init[1044]: ci-info: +--------+------+----------------------------+---------------+-------+-------------------+
[   30.264533] cloud-init[1044]: ci-info: | enp0s3 | True |         10.0.2.15          | 255.255.255.0 |   .   | 02:e4:5b:1a:6e:ce |
[   30.336940] cloud-init[1044]: ci-info: | enp0s3 | True | fe80::e4:5bff:fe1a:6ece/64 |       .       |  link | 02:e4:5b:1a:6e:ce |
[   30.424207] cloud-init[1044]: ci-info: |   lo   | True |         127.0.0.1          |   255.0.0.0   |   .   |         .         |
[   30.424281] cloud-init[1044]: ci-info: |   lo   | True |          ::1/128           |       .       |  host |         .         |
[   30.424330] cloud-init[1044]: ci-info: +--------+------+----------------------------+---------------+-------+-------------------+
[   30.424487] cloud-init[1044]: ci-info: +++++++++++++++++++++++++++Route IPv4 info++++++++++++++++++++++++++++
[   30.424520] cloud-init[1044]: ci-info: +-------+-------------+----------+---------------+-----------+-------+
[   30.424549] cloud-init[1044]: ci-info: | Route | Destination | Gateway  |    Genmask    | Interface | Flags |
[   30.424580] cloud-init[1044]: ci-info: +-------+-------------+----------+---------------+-----------+-------+
[   30.424611] cloud-init[1044]: ci-info: |   0   |   0.0.0.0   | 10.0.2.2 |    0.0.0.0    |   enp0s3  |   UG  |
[   30.424642] cloud-init[1044]: ci-info: |   1   |   10.0.2.0  | 0.0.0.0  | 255.255.255.0 |   enp0s3  |   U   |
[   30.424676] cloud-init[1044]: ci-info: +-------+-------------+----------+---------------+-----------+-------+
[   30.424707] cloud-init[1044]: Generating public/private rsa key pair.
[   30.424737] cloud-init[1044]: Your identification has been saved in /etc/ssh/ssh_host_rsa_key.
[   30.424767] cloud-init[1044]: Your public key has been saved in /etc/ssh/ssh_host_rsa_key.pub.
[   30.424797] cloud-init[1044]: The key fingerprint is:
[   30.424826] cloud-init[1044]: SHA256:HtRpaQoWgTnRIFLo/QWO/XYN45U44bKtg8V4/u6sNrQ root@ubuntu-xenial
[   30.424856] cloud-init[1044]: The key's randomart image is:
[   30.424886] cloud-init[1044]: +---[RSA 2048]----+
[   30.424915] cloud-init[1044]: |.oo o*o.         |
[   30.424945] cloud-init[1044]: |.. .+... o o     |
[   30.424977] cloud-init[1044]: |. . +.+ o O .    |
[   30.425009] cloud-init[1044]: | . o + = X o     |
[   30.425038] cloud-init[1044]: |    . = S *      |
[   30.425067] cloud-init[1044]: |     o X = .     |
[   30.425096] cloud-init[1044]: |      B =        |
[   30.425127] cloud-init[1044]: |     . E.        |
[   30.425157] cloud-init[1044]: |      ..B=       |
[   30.425373] cloud-init[1044]: +----[SHA256]-----+
[   30.425409] cloud-init[1044]: Generating public/private dsa key pair.
[   30.425440] cloud-init[1044]: Your identification has been saved in /etc/ssh/ssh_host_dsa_key.
[   30.425469] cloud-init[1044]: Your public key has been saved in /etc/ssh/ssh_host_dsa_key.pub.
[   30.425500] cloud-init[1044]: The key fingerprint is:
[   30.425534] cloud-init[1044]: SHA256:A8wn1GKkCrr4ISqIV5CIciisORKw2by58Bo9NcSuvCg root@ubuntu-xenial
[   30.425566] cloud-init[1044]: The key's randomart image is:
[   30.425597] cloud-init[1044]: +---[DSA 1024]----+
[   30.425627] cloud-init[1044]: |     .o.         |
[   30.425657] cloud-init[1044]: |.  . =o .        |
[   30.425688] cloud-init[1044]: |=B .+.=..        |
[   30.425720] cloud-init[1044]: |@o*+   +         |
[   30.425751] cloud-init[1044]: |=+.++   S        |
[   30.425780] cloud-init[1044]: |B+oo..   .       |
[   30.425813] cloud-init[1044]: |O+*o             |
[   30.425842] cloud-init[1044]: |E=++             |
[   30.425872] cloud-init[1044]: |*oo              |
[   30.425904] cloud-init[1044]: +----[SHA256]-----+
[   30.425933] cloud-init[1044]: Generating public/private ecdsa key pair.
[   30.425963] cloud-init[1044]: Your identification has been saved in /etc/ssh/ssh_host_ecdsa_key.
[   30.425993] cloud-init[1044]: Your public key has been saved in /etc/ssh/ssh_host_ecdsa_key.pub.
[   30.426024] cloud-init[1044]: The key fingerprint is:
[   30.426053] cloud-init[1044]: SHA256:T0X9EZ61GfjMnJFePES/M5p/Lc9ploNmBSLga3g/go4 root@ubuntu-xenial
[   30.426086] cloud-init[1044]: The key's randomart image is:
[   30.426115] cloud-init[1044]: +---[ECDSA 256]---+
[   30.426145] cloud-init[1044]: |            ..+*+|
[   30.426174] cloud-init[1044]: |       .   . .o=X|
[   30.426204] cloud-init[1044]: |      . .   . **B|
[   30.426233] cloud-init[1044]: |       . . o . Bo|
[   31.961284] cloud-init[1044]: |      . S o . .+ |
[   31.961328] cloud-init[1044]: |     . + o    o.o|
[   31.961360] cloud-init[1044]: |      + . .  oo o|
[   31.961390] cloud-init[1044]: |    .. . o   +o*+|
[   31.961420] cloud-init[1044]: |   E..  . . o o==|
[   31.961450] cloud-init[1044]: +----[SHA256]-----+
[   31.961489] cloud-init[1044]: Generating public/private ed25519 key pair.
[   31.961521] cloud-init[1044]: Your identification has been saved in /etc/ssh/ssh_host_ed25519_key.
[   31.961552] cloud-init[1044]: Your public key has been saved in /etc/ssh/ssh_host_ed25519_key.pub.
[   31.961583] cloud-init[1044]: The key fingerprint is:
[   31.961614] cloud-init[1044]: SHA256:CG6Q6er4t/Zere1A3B2jBhBJNVR95fvaRq3u/HUN9MA root@ubuntu-xenial
[   31.961645] cloud-init[1044]: The key's randomart image is:
[   31.961675] cloud-init[1044]: +--[ED25519 256]--+
[   31.961706] cloud-init[1044]: |     .+=+...   ..|
[   31.961736] cloud-init[1044]: |   o  .. .  .... |
[   31.961767] cloud-init[1044]: |  + .   .   o.E .|
[   31.961797] cloud-init[1044]: | . o . o o o + o.|
[   31.961827] cloud-init[1044]: |  . o . S + . ..o|
[   31.961860] cloud-init[1044]: | . .   . o     .=|
[   31.961892] cloud-init[1044]: |.       o .    o=|
[   31.961922] cloud-init[1044]: |o   o  . +   ..o+|
[   31.961953] cloud-init[1044]: |.o.o.+o ..o  o=oo|
[   31.961984] cloud-init[1044]: +----[SHA256]-----+
         Starting iSCSI initiator daemon (iscsid)...
[[0;32m  OK  [0m] Reached target System Initialization.
[[0;32m  OK  [0m] Started Trigger resolvconf update for networkd DNS.
[[0;32m  OK  [0m] Listening on UUID daemon activation socket.
[[0;32m  OK  [0m] Started ACPI Events Check.
[[0;32m  OK  [0m] Reached target Paths.
[[0;32m  OK  [0m] Started Daily Cleanup of Temporary Directories.
         Starting LXD - unix socket.
[[0;32m  OK  [0m] Listening on D-Bus System Message Bus Socket.
         Starting Socket activation for snappy daemon.
[[0;32m  OK  [0m] Started Timer to automatically refresh installed snaps.
[[0;32m  OK  [0m] Started Daily apt activities.
[[0;32m  OK  [0m] Reached target Timers.
[[0;32m  OK  [0m] Listening on ACPID Listen Socket.
[[0;32m  OK  [0m] Reached target Cloud-config availability.
[[0;32m  OK  [0m] Listening on LXD - unix socket.
[[0;32m  OK  [0m] Listening on Socket activation for snappy daemon.
[[0;32m  OK  [0m] Started iSCSI initiator daemon (iscsid).
         Starting Login to default iSCSI targets...
[[0;32m  OK  [0m] Reached target Sockets.
[[0;32m  OK  [0m] Reached target Basic System.
         Starting Pollinate to seed the pseudo random number generator...
         Starting Login Service...
[[0;32m  OK  [0m] Started Snappy daemon.
[[0;32m  OK  [0m] Started FUSE filesystem for LXC.
[[0;32m  OK  [0m] Started D-Bus System Message Bus.
         Starting Accounts Service...
         Starting Apply the settings specified in cloud-config...
[[0;32m  OK  [0m] Started Deferred execution scheduler.
[[0;32m  OK  [0m] Started Regular background program processing daemon.
         Starting /etc/rc.local Compatibility...
         Starting Auto import assertions from block devices...
         Starting LSB: MD monitoring daemon...
         Starting LSB: Record successful boot for GRUB...
         Starting System Logging Service...
[[0;32m  OK  [0m] Started ACPI event daemon.
         Starting LXD - container startup/shutdown...
[[0;32m  OK  [0m] Started System Logging Service.
[[0;32m  OK  [0m] Started /etc/rc.local Compatibility.
[[0;32m  OK  [0m] Started Auto import assertions from block devices.
[[0;32m  OK  [0m] Started LXD - container startup/shutdown.
[[0;32m  OK  [0m] Started Login to default iSCSI targets.
[[0;32m  OK  [0m] Started LSB: Record successful boot for GRUB.
[[0;32m  OK  [0m] Started LSB: MD monitoring daemon.
[[0;32m  OK  [0m] Started Login Service.
         Starting Authenticate and Authorize Users to Run Privileged Tasks...
[[0;32m  OK  [0m] Reached target Remote File Systems (Pre).
[[0;32m  OK  [0m] Reached target Remote File Systems.
         Starting LSB: Set the CPU Frequency Scaling governor to "ondemand"...
         Starting LSB: VirtualBox Linux Additions...
         Starting LSB: automatic crash report generation...
         Starting LSB: daemon to balance interrupts for SMP systems...
         Starting Permit User Sessions...
[[0;32m  OK  [0m] Started Permit User Sessions.
[[0;32m  OK  [0m] Started Authenticate and Authorize Users to Run Privileged Tasks.
[[0;32m  OK  [0m] Started Accounts Service.
[[0;32m  OK  [0m] Started LSB: Set the CPU Frequency Scaling governor to "ondemand".
         Starting Terminate Plymouth Boot Screen...
         Starting Hold until boot process finishes up...
[[0;32m  OK  [0m] Started LSB: automatic crash report generation.
[[0;32m  OK  [0m] Started LSB: daemon to balance interrupts for SMP systems.
[[0;32m  OK  [0m] Started Terminate Plymouth Boot Screen.
[[0;32m  OK  [0m] Started Hold until boot process finishes up.
[[0;32m  OK  [0m] Started Pollinate to seed the pseudo random number generator.
         Starting OpenBSD Secure Shell server...
         Starting Set console scheme...
[[0;32m  OK  [0m] Started Getty on tty1.
[[0;32m  OK  [0m] Started Serial Getty on ttyS0.
[   34.416081] [cloud-init[0;32m  OK  [0m[1193]: ] Generating locales (this might take a while)...Reached target Login Prompts.

[[0;32m  OK  [0m] Started OpenBSD Secure Shell server.
[[0;32m  OK  [0m] Started LSB: VirtualBox Linux Additions.
[[0;32m  OK  [0m] Started Set console scheme.
[[0;32m  OK  [0m] Reached target Multi-User System.
[[0;32m  OK  [0m] Reached target Graphical Interface.
         Starting Update UTMP about System Runlevel Changes...
[[0;32m  OK  [0m] Started Update UTMP about System Runlevel Changes.
[   35.636503] cloud-init[1193]:   en_US.UTF-8... done
[   35.654807] cloud-init[1193]: Generation complete.
         Stopping OpenBSD Secure Shell server...
[[0;32m  OK  [0m] Stopped OpenBSD Secure Shell server.
         Starting OpenBSD Secure Shell server...
[[0;32m  OK  [0m] Started OpenBSD Secure Shell server.
[[0;32m  OK  [0m] Created slice User Slice of ubuntu.
         Starting User Manager for UID 1000...
[[0;32m  OK  [0m] Started User Manager for UID 1000.
[[0;32m  OK  [0m] Started Session 1 of user ubuntu.
[   36.084891] cloud-init[1193]: Cloud-init v. 0.7.8 running 'modules:config' at Fri, 17 Feb 2017 05:55:08 +0000. Up 34.10 seconds.
[[0;32m  OK  [0m] Started Apply the settings specified in cloud-config.
         Starting Execute cloud user/final scripts...
ci-info: no authorized ssh keys fingerprints found for user ubuntu.
<14>Feb 17 05:55:11 ec2: 
<14>Feb 17 05:55:11 ec2: #############################################################
<14>Feb 17 05:55:11 ec2: -----BEGIN SSH HOST KEY FINGERPRINTS-----
<14>Feb 17 05:55:11 ec2: 1024 SHA256:A8wn1GKkCrr4ISqIV5CIciisORKw2by58Bo9NcSuvCg root@ubuntu-xenial (DSA)
<14>Feb 17 05:55:11 ec2: 256 SHA256:T0X9EZ61GfjMnJFePES/M5p/Lc9ploNmBSLga3g/go4 root@ubuntu-xenial (ECDSA)
<14>Feb 17 05:55:11 ec2: 256 SHA256:CG6Q6er4t/Zere1A3B2jBhBJNVR95fvaRq3u/HUN9MA root@ubuntu-xenial (ED25519)
<14>Feb 17 05:55:11 ec2: 2048 SHA256:HtRpaQoWgTnRIFLo/QWO/XYN45U44bKtg8V4/u6sNrQ root@ubuntu-xenial (RSA)
<14>Feb 17 05:55:11 ec2: -----END SSH HOST KEY FINGERPRINTS-----
<14>Feb 17 05:55:11 ec2: #############################################################
-----BEGIN SSH HOST KEY KEYS-----
ecdsa-sha2-nistp256 AAAAE2VjZHNhLXNoYTItbmlzdHAyNTYAAAAIbmlzdHAyNTYAAABBBET8Izm+qK22mYwKWIWCVahx8QVpQcD6RfQXGUCvAok3XfN2tUCE5rFq/7RKDIb/5HA28MYhfAJZWbaNOVl1Gfo= root@ubuntu-xenial
ssh-ed25519 AAAAC3NzaC1lZDI1NTE5AAAAIKGTpD8KOiOV4K6uRYZ07LT8UdNw0UfdiGTexaVP5iPb root@ubuntu-xenial
ssh-rsa AAAAB3NzaC1yc2EAAAADAQABAAABAQC+nsaUCp71DzKSZOk0UAHtP/vxprLf10wjnHwZWW+x8yTSPy1ufUHx49FDdfLND8MvuelH0oYFElrJWGit4TzGzo53wqdf4puN6w5Kh1r0dYBGLZmoLY31MmJ08cgIF3SLvUOSZhXDyvMABbI/FX088hVpD34XCeUpu/Rx7ONRtMt9O439EeXkZyfQcNEOe77Chjep45t0g9aztSOQWfiwVI9bC9fJmqwrnZQmsel67+ezRmGLLb4g/NXR8cM+lrM8aTLfFJQlmRRq33GgOcb9xwTF78N3/qXtu0AU9Y6RFuwfBu+5aKO4YcPWc5Ggv9/z4gyQYBEw9WyClrBI43vz root@ubuntu-xenial
-----END SSH HOST KEY KEYS-----
[   37.053231] cloud-init[1483]: Cloud-init v. 0.7.8 running 'modules:final' at Fri, 17 Feb 2017 05:55:11 +0000. Up 36.63 seconds.
[   37.059343] cloud-init[1483]: ci-info: no authorized ssh keys fingerprints found for user ubuntu.
[   37.069073] cloud-init[1483]: Cloud-init v. 0.7.8 finished at Fri, 17 Feb 2017 05:55:11 +0000. Datasource DataSourceNoCloud [seed=/dev/sdb][dsmode=net].  Up 37.04 seconds
[[0;32m  OK  [0m] Started Execute cloud user/final scripts.
[[0;32m  OK  [0m] Reached target Cloud-init target.

Ubuntu 16.04.2 LTS ubuntu-xenial ttyS0

ubuntu-xenial login: 